
wsand@LAPTOP-4C8DF5M2 MINGW64 ~/Desktop
$ mkdir revature

wsand@LAPTOP-4C8DF5M2 MINGW64 ~/Desktop
$ cd revature

wsand@LAPTOP-4C8DF5M2 MINGW64 ~/Desktop/revature
$ get clone https://github.com/Revature-Training-1302/exercises
bash: get: command not found

wsand@LAPTOP-4C8DF5M2 MINGW64 ~/Desktop/revature
$ git clone https://github.com/Revature-Training-1302/exercises
Cloning into 'exercises'...
remote: Enumerating objects: 46, done.
remote: Counting objects: 100% (46/46), done.
remote: Compressing objects: 100% (33/33), done.
remote: Total 46 (delta 6), reused 42 (delta 5), pack-reused 0
Receiving objects: 100% (46/46), 5.05 KiB | 369.00 KiB/s, done.
Resolving deltas: 100% (6/6), done.

wsand@LAPTOP-4C8DF5M2 MINGW64 ~/Desktop/revature
$ cd exercise
bash: cd: exercise: No such file or directory

wsand@LAPTOP-4C8DF5M2 MINGW64 ~/Desktop/revature
$ cd exercise
bash: cd: exercise: No such file or directory

wsand@LAPTOP-4C8DF5M2 MINGW64 ~/Desktop/revature
$ ls
exercises/

wsand@LAPTOP-4C8DF5M2 MINGW64 ~/Desktop/revature
$ cd exercises

wsand@LAPTOP-4C8DF5M2 MINGW64 ~/Desktop/revature/exercises (main)
$ ls
dummy_file  week1/

wsand@LAPTOP-4C8DF5M2 MINGW64 ~/Desktop/revature/exercises (main)
$ cd week1

wsand@LAPTOP-4C8DF5M2 MINGW64 ~/Desktop/revature/exercises/week1 (main)
$ ls
8.2.md  git-exercise.md  unix_exercise/

wsand@LAPTOP-4C8DF5M2 MINGW64 ~/Desktop/revature/exercises/week1 (main)
$ cd unix_exercise

wsand@LAPTOP-4C8DF5M2 MINGW64 ~/Desktop/revature/exercises/week1/unix_exercise (main)
$ ls
chest/  house/  instructions.txt

wsand@LAPTOP-4C8DF5M2 MINGW64 ~/Desktop/revature/exercises/week1/unix_exercise (main)
$ cd house

wsand@LAPTOP-4C8DF5M2 MINGW64 ~/Desktop/revature/exercises/week1/unix_exercise/house (main)
$ cd basement

wsand@LAPTOP-4C8DF5M2 MINGW64 ~/Desktop/revature/exercises/week1/unix_exercise/house/basement (main)
$ ls
laundry-room/  storage/

wsand@LAPTOP-4C8DF5M2 MINGW64 ~/Desktop/revature/exercises/week1/unix_exercise/house/basement (main)
$ cd laundry-room

wsand@LAPTOP-4C8DF5M2 MINGW64 ~/Desktop/revature/exercises/week1/unix_exercise/house/basement/laundry-room (main)
$ ls
clothes  dryer  drying-rack  soap  trash1  trash2  treasure1  washer

wsand@LAPTOP-4C8DF5M2 MINGW64 ~/Desktop/revature/exercises/week1/unix_exercise/house/basement/laundry-room (main)
$ rm trash1

wsand@LAPTOP-4C8DF5M2 MINGW64 ~/Desktop/revature/exercises/week1/unix_exercise/house/basement/laundry-room (main)
$ rm trash2

wsand@LAPTOP-4C8DF5M2 MINGW64 ~/Desktop/revature/exercises/week1/unix_exercise/house/basement/laundry-room (main)
$ mv treasure1 ../../../chest

wsand@LAPTOP-4C8DF5M2 MINGW64 ~/Desktop/revature/exercises/week1/unix_exercise/house/basement/laundry-room (main)
$ cd ..

wsand@LAPTOP-4C8DF5M2 MINGW64 ~/Desktop/revature/exercises/week1/unix_exercise/house/basement (main)
$ cd storage

wsand@LAPTOP-4C8DF5M2 MINGW64 ~/Desktop/revature/exercises/week1/unix_exercise/house/basement/storage (main)
$ ls
bicycle  trash3  treasure2

wsand@LAPTOP-4C8DF5M2 MINGW64 ~/Desktop/revature/exercises/week1/unix_exercise/house/basement/storage (main)
$ rm trash3

wsand@LAPTOP-4C8DF5M2 MINGW64 ~/Desktop/revature/exercises/week1/unix_exercise/house/basement/storage (main)
$ mv treasure2 ../../../chest

wsand@LAPTOP-4C8DF5M2 MINGW64 ~/Desktop/revature/exercises/week1/unix_exercise/house/basement/storage (main)
$ cd ..

wsand@LAPTOP-4C8DF5M2 MINGW64 ~/Desktop/revature/exercises/week1/unix_exercise/house/basement (main)
$ cd ..

wsand@LAPTOP-4C8DF5M2 MINGW64 ~/Desktop/revature/exercises/week1/unix_exercise/house (main)
$ ls
basement/  floor0/  floor1/  floor2/

wsand@LAPTOP-4C8DF5M2 MINGW64 ~/Desktop/revature/exercises/week1/unix_exercise/house (main)
$ cd floor1

wsand@LAPTOP-4C8DF5M2 MINGW64 ~/Desktop/revature/exercises/week1/unix_exercise/house/floor1 (main)
$ ls
balcony/  bathroom/  bedroom1/  bedroom2/

wsand@LAPTOP-4C8DF5M2 MINGW64 ~/Desktop/revature/exercises/week1/unix_exercise/house/floor1 (main)
$ cd balcony

wsand@LAPTOP-4C8DF5M2 MINGW64 ~/Desktop/revature/exercises/week1/unix_exercise/house/floor1/balcony (main)
$ ls
chair  plant  trash10  trash11

wsand@LAPTOP-4C8DF5M2 MINGW64 ~/Desktop/revature/exercises/week1/unix_exercise/house/floor1/balcony (main)
$ rm trash10

wsand@LAPTOP-4C8DF5M2 MINGW64 ~/Desktop/revature/exercises/week1/unix_exercise/house/floor1/balcony (main)
$ rm trash11

wsand@LAPTOP-4C8DF5M2 MINGW64 ~/Desktop/revature/exercises/week1/unix_exercise/house/floor1/balcony (main)
$ cd ..

wsand@LAPTOP-4C8DF5M2 MINGW64 ~/Desktop/revature/exercises/week1/unix_exercise/house/floor1 (main)
$ ls
balcony/  bathroom/  bedroom1/  bedroom2/

wsand@LAPTOP-4C8DF5M2 MINGW64 ~/Desktop/revature/exercises/week1/unix_exercise/house/floor1 (main)
$ cd bathroom

wsand@LAPTOP-4C8DF5M2 MINGW64 ~/Desktop/revature/exercises/week1/unix_exercise/house/floor1/bathroom (main)
$ ls
sink  toilet  tub

wsand@LAPTOP-4C8DF5M2 MINGW64 ~/Desktop/revature/exercises/week1/unix_exercise/house/floor1/bathroom (main)
$ cd ..

wsand@LAPTOP-4C8DF5M2 MINGW64 ~/Desktop/revature/exercises/week1/unix_exercise/house/floor1 (main)
$ cd bedroom1

wsand@LAPTOP-4C8DF5M2 MINGW64 ~/Desktop/revature/exercises/week1/unix_exercise/house/floor1/bedroom1 (main)
$ ls
TV  bed  closet/  dresser/  toy-chest/

wsand@LAPTOP-4C8DF5M2 MINGW64 ~/Desktop/revature/exercises/week1/unix_exercise/house/floor1/bedroom1 (main)
$ cd ..

wsand@LAPTOP-4C8DF5M2 MINGW64 ~/Desktop/revature/exercises/week1/unix_exercise/house/floor1 (main)
$ ls
balcony/  bathroom/  bedroom1/  bedroom2/

wsand@LAPTOP-4C8DF5M2 MINGW64 ~/Desktop/revature/exercises/week1/unix_exercise/house/floor1 (main)
$ cd bedroom2

wsand@LAPTOP-4C8DF5M2 MINGW64 ~/Desktop/revature/exercises/week1/unix_exercise/house/floor1/bedroom2 (main)
$ ls
bed  closet/  desk  mirror

wsand@LAPTOP-4C8DF5M2 MINGW64 ~/Desktop/revature/exercises/week1/unix_exercise/house/floor1/bedroom2 (main)
$ cd ..

wsand@LAPTOP-4C8DF5M2 MINGW64 ~/Desktop/revature/exercises/week1/unix_exercise/house/floor1 (main)
$ cd ..

wsand@LAPTOP-4C8DF5M2 MINGW64 ~/Desktop/revature/exercises/week1/unix_exercise/house (main)
$ ls
basement/  floor0/  floor1/  floor2/

wsand@LAPTOP-4C8DF5M2 MINGW64 ~/Desktop/revature/exercises/week1/unix_exercise/house (main)
$ cd floor2

wsand@LAPTOP-4C8DF5M2 MINGW64 ~/Desktop/revature/exercises/week1/unix_exercise/house/floor2 (main)
$ ls
storage/

wsand@LAPTOP-4C8DF5M2 MINGW64 ~/Desktop/revature/exercises/week1/unix_exercise/house/floor2 (main)
$ cd storage

wsand@LAPTOP-4C8DF5M2 MINGW64 ~/Desktop/revature/exercises/week1/unix_exercise/house/floor2/storage (main)
$ ls
box1/  box2/  box3/

wsand@LAPTOP-4C8DF5M2 MINGW64 ~/Desktop/revature/exercises/week1/unix_exercise/house/floor2/storage (main)
$ cd ..

wsand@LAPTOP-4C8DF5M2 MINGW64 ~/Desktop/revature/exercises/week1/unix_exercise/house/floor2 (main)
$ cd ..

wsand@LAPTOP-4C8DF5M2 MINGW64 ~/Desktop/revature/exercises/week1/unix_exercise/house (main)
$ ls
basement/  floor0/  floor1/  floor2/

wsand@LAPTOP-4C8DF5M2 MINGW64 ~/Desktop/revature/exercises/week1/unix_exercise/house (main)
$ cd floor0

wsand@LAPTOP-4C8DF5M2 MINGW64 ~/Desktop/revature/exercises/week1/unix_exercise/house/floor0 (main)
$ ls
bathroom/  kitchen/  living-room/

wsand@LAPTOP-4C8DF5M2 MINGW64 ~/Desktop/revature/exercises/week1/unix_exercise/house/floor0 (main)
$ cd bathroom

wsand@LAPTOP-4C8DF5M2 MINGW64 ~/Desktop/revature/exercises/week1/unix_exercise/house/floor0/bathroom (main)
$ ls
cabinet/  mat  mirror

wsand@LAPTOP-4C8DF5M2 MINGW64 ~/Desktop/revature/exercises/week1/unix_exercise/house/floor0/bathroom (main)
$ cd ..

wsand@LAPTOP-4C8DF5M2 MINGW64 ~/Desktop/revature/exercises/week1/unix_exercise/house/floor0 (main)
$ ls
bathroom/  kitchen/  living-room/

wsand@LAPTOP-4C8DF5M2 MINGW64 ~/Desktop/revature/exercises/week1/unix_exercise/house/floor0 (main)
$ cd bathroom

wsand@LAPTOP-4C8DF5M2 MINGW64 ~/Desktop/revature/exercises/week1/unix_exercise/house/floor0/bathroom (main)
$ ls
cabinet/  mat  mirror

wsand@LAPTOP-4C8DF5M2 MINGW64 ~/Desktop/revature/exercises/week1/unix_exercise/house/floor0/bathroom (main)
$ cd cabinet

wsand@LAPTOP-4C8DF5M2 MINGW64 ~/Desktop/revature/exercises/week1/unix_exercise/house/floor0/bathroom/cabinet (main)
$ ls
3  brush  comb  shampoo  soap  toothbrush  toothpaste  trasure

wsand@LAPTOP-4C8DF5M2 MINGW64 ~/Desktop/revature/exercises/week1/unix_exercise/house/floor0/bathroom/cabinet (main)
$ mv trasure ../../../../chest

wsand@LAPTOP-4C8DF5M2 MINGW64 ~/Desktop/revature/exercises/week1/unix_exercise/house/floor0/bathroom/cabinet (main)
$ cd ..

wsand@LAPTOP-4C8DF5M2 MINGW64 ~/Desktop/revature/exercises/week1/unix_exercise/house/floor0/bathroom (main)
$ ls
cabinet/  mat  mirror

wsand@LAPTOP-4C8DF5M2 MINGW64 ~/Desktop/revature/exercises/week1/unix_exercise/house/floor0/bathroom (main)
$ cd ..

wsand@LAPTOP-4C8DF5M2 MINGW64 ~/Desktop/revature/exercises/week1/unix_exercise/house/floor0 (main)
$ ls
bathroom/  kitchen/  living-room/

wsand@LAPTOP-4C8DF5M2 MINGW64 ~/Desktop/revature/exercises/week1/unix_exercise/house/floor0 (main)
$ cd kitchen

wsand@LAPTOP-4C8DF5M2 MINGW64 ~/Desktop/revature/exercises/week1/unix_exercise/house/floor0/kitchen (main)
$ ls
fridge/  oven/  pantry/

wsand@LAPTOP-4C8DF5M2 MINGW64 ~/Desktop/revature/exercises/week1/unix_exercise/house/floor0/kitchen (main)
$ cd fridge

wsand@LAPTOP-4C8DF5M2 MINGW64 ~/Desktop/revature/exercises/week1/unix_exercise/house/floor0/kitchen/fridge (main)
$ ls
bread  carrots  chicken  eggs  juice  milk  soda  trash4  trash5  trasure4

wsand@LAPTOP-4C8DF5M2 MINGW64 ~/Desktop/revature/exercises/week1/unix_exercise/house/floor0/kitchen/fridge (main)
$ rm trash4

wsand@LAPTOP-4C8DF5M2 MINGW64 ~/Desktop/revature/exercises/week1/unix_exercise/house/floor0/kitchen/fridge (main)
$ rm trash5

wsand@LAPTOP-4C8DF5M2 MINGW64 ~/Desktop/revature/exercises/week1/unix_exercise/house/floor0/kitchen/fridge (main)
$ mv trasure4 ../../../chest

wsand@LAPTOP-4C8DF5M2 MINGW64 ~/Desktop/revature/exercises/week1/unix_exercise/house/floor0/kitchen/fridge (main)
$ ls
bread  carrots  chicken  eggs  juice  milk  soda

wsand@LAPTOP-4C8DF5M2 MINGW64 ~/Desktop/revature/exercises/week1/unix_exercise/house/floor0/kitchen/fridge (main)
$ cd ..

wsand@LAPTOP-4C8DF5M2 MINGW64 ~/Desktop/revature/exercises/week1/unix_exercise/house/floor0/kitchen (main)
$ ls
fridge/  oven/  pantry/

wsand@LAPTOP-4C8DF5M2 MINGW64 ~/Desktop/revature/exercises/week1/unix_exercise/house/floor0/kitchen (main)
$ cd oven

wsand@LAPTOP-4C8DF5M2 MINGW64 ~/Desktop/revature/exercises/week1/unix_exercise/house/floor0/kitchen/oven (main)
$ ls
chicken-roast

wsand@LAPTOP-4C8DF5M2 MINGW64 ~/Desktop/revature/exercises/week1/unix_exercise/house/floor0/kitchen/oven (main)
$ cd ..

wsand@LAPTOP-4C8DF5M2 MINGW64 ~/Desktop/revature/exercises/week1/unix_exercise/house/floor0/kitchen (main)
$ ls
fridge/  oven/  pantry/

wsand@LAPTOP-4C8DF5M2 MINGW64 ~/Desktop/revature/exercises/week1/unix_exercise/house/floor0/kitchen (main)
$ cd pantry

wsand@LAPTOP-4C8DF5M2 MINGW64 ~/Desktop/revature/exercises/week1/unix_exercise/house/floor0/kitchen/pantry (main)
$ ls
cereal  chips  cookies  crackers  trash6

wsand@LAPTOP-4C8DF5M2 MINGW64 ~/Desktop/revature/exercises/week1/unix_exercise/house/floor0/kitchen/pantry (main)
$ rm trash6

wsand@LAPTOP-4C8DF5M2 MINGW64 ~/Desktop/revature/exercises/week1/unix_exercise/house/floor0/kitchen/pantry (main)
$ cd ..

wsand@LAPTOP-4C8DF5M2 MINGW64 ~/Desktop/revature/exercises/week1/unix_exercise/house/floor0/kitchen (main)
$ cd ..

wsand@LAPTOP-4C8DF5M2 MINGW64 ~/Desktop/revature/exercises/week1/unix_exercise/house/floor0 (main)
$ ls
bathroom/  kitchen/  living-room/

wsand@LAPTOP-4C8DF5M2 MINGW64 ~/Desktop/revature/exercises/week1/unix_exercise/house/floor0 (main)
$ cd living-room

wsand@LAPTOP-4C8DF5M2 MINGW64 ~/Desktop/revature/exercises/week1/unix_exercise/house/floor0/living-room (main)
$ ls
TV  bookshelf/  chair  couch  table

wsand@LAPTOP-4C8DF5M2 MINGW64 ~/Desktop/revature/exercises/week1/unix_exercise/house/floor0/living-room (main)
$ cd bookshelf

wsand@LAPTOP-4C8DF5M2 MINGW64 ~/Desktop/revature/exercises/week1/unix_exercise/house/floor0/living-room/bookshelf (main)
$ ls
animal-farm  harry-potter  it  lord-of-the-rings  trash7  trasure5

wsand@LAPTOP-4C8DF5M2 MINGW64 ~/Desktop/revature/exercises/week1/unix_exercise/house/floor0/living-room/bookshelf (main)
$ mv trasure5 ../../../../chest

wsand@LAPTOP-4C8DF5M2 MINGW64 ~/Desktop/revature/exercises/week1/unix_exercise/house/floor0/living-room/bookshelf (main)
$ cd ..

wsand@LAPTOP-4C8DF5M2 MINGW64 ~/Desktop/revature/exercises/week1/unix_exercise/house/floor0/living-room (main)
$ cd ..

wsand@LAPTOP-4C8DF5M2 MINGW64 ~/Desktop/revature/exercises/week1/unix_exercise/house/floor0 (main)
$ ls
bathroom/  kitchen/  living-room/

wsand@LAPTOP-4C8DF5M2 MINGW64 ~/Desktop/revature/exercises/week1/unix_exercise/house/floor0 (main)
$ cd ..

wsand@LAPTOP-4C8DF5M2 MINGW64 ~/Desktop/revature/exercises/week1/unix_exercise/house (main)
$ ls
basement/  chest  floor0/  floor1/  floor2/

wsand@LAPTOP-4C8DF5M2 MINGW64 ~/Desktop/revature/exercises/week1/unix_exercise/house (main)
$ cd basement

wsand@LAPTOP-4C8DF5M2 MINGW64 ~/Desktop/revature/exercises/week1/unix_exercise/house/basement (main)
$ ls
laundry-room/  storage/

wsand@LAPTOP-4C8DF5M2 MINGW64 ~/Desktop/revature/exercises/week1/unix_exercise/house/basement (main)
$ laundry-room
bash: laundry-room: command not found

wsand@LAPTOP-4C8DF5M2 MINGW64 ~/Desktop/revature/exercises/week1/unix_exercise/house/basement (main)
$ cd laundry-room

wsand@LAPTOP-4C8DF5M2 MINGW64 ~/Desktop/revature/exercises/week1/unix_exercise/house/basement/laundry-room (main)
$ ls
clothes  dryer  drying-rack  soap  washer

wsand@LAPTOP-4C8DF5M2 MINGW64 ~/Desktop/revature/exercises/week1/unix_exercise/house/basement/laundry-room (main)
$ cd

wsand@LAPTOP-4C8DF5M2 MINGW64 ~
$ cd desktop

wsand@LAPTOP-4C8DF5M2 MINGW64 ~/desktop
$ cd ravature
bash: cd: ravature: No such file or directory

wsand@LAPTOP-4C8DF5M2 MINGW64 ~/desktop
$ cd revature

wsand@LAPTOP-4C8DF5M2 MINGW64 ~/desktop/revature
$ cd exercises

wsand@LAPTOP-4C8DF5M2 MINGW64 ~/desktop/revature/exercises (main)
$ ls
dummy_file  week1/

wsand@LAPTOP-4C8DF5M2 MINGW64 ~/desktop/revature/exercises (main)
$ cd week1

wsand@LAPTOP-4C8DF5M2 MINGW64 ~/desktop/revature/exercises/week1 (main)
$ ls
8.2.md  git-exercise.md  unix_exercise/

wsand@LAPTOP-4C8DF5M2 MINGW64 ~/desktop/revature/exercises/week1 (main)
$ cd unix_exercise

wsand@LAPTOP-4C8DF5M2 MINGW64 ~/desktop/revature/exercises/week1/unix_exercise (main)
$ ls
chest/  house/  instructions.txt

wsand@LAPTOP-4C8DF5M2 MINGW64 ~/desktop/revature/exercises/week1/unix_exercise (main)
$ cd house

wsand@LAPTOP-4C8DF5M2 MINGW64 ~/desktop/revature/exercises/week1/unix_exercise/house (main)
$ ls
basement/  chest  floor0/  floor1/  floor2/

wsand@LAPTOP-4C8DF5M2 MINGW64 ~/desktop/revature/exercises/week1/unix_exercise/house (main)
$ cd floor0

wsand@LAPTOP-4C8DF5M2 MINGW64 ~/desktop/revature/exercises/week1/unix_exercise/house/floor0 (main)
$ ls
bathroom/  kitchen/  living-room/

wsand@LAPTOP-4C8DF5M2 MINGW64 ~/desktop/revature/exercises/week1/unix_exercise/house/floor0 (main)
$ cd ..

wsand@LAPTOP-4C8DF5M2 MINGW64 ~/desktop/revature/exercises/week1/unix_exercise/house (main)
$ cd floor1

wsand@LAPTOP-4C8DF5M2 MINGW64 ~/desktop/revature/exercises/week1/unix_exercise/house/floor1 (main)
$ ls
balcony/  bathroom/  bedroom1/  bedroom2/

wsand@LAPTOP-4C8DF5M2 MINGW64 ~/desktop/revature/exercises/week1/unix_exercise/house/floor1 (main)
$ cd bedroom1

wsand@LAPTOP-4C8DF5M2 MINGW64 ~/desktop/revature/exercises/week1/unix_exercise/house/floor1/bedroom1 (main)
$ ls
TV  bed  closet/  dresser/  toy-chest/

wsand@LAPTOP-4C8DF5M2 MINGW64 ~/desktop/revature/exercises/week1/unix_exercise/house/floor1/bedroom1 (main)
$ cd closet

wsand@LAPTOP-4C8DF5M2 MINGW64 ~/desktop/revature/exercises/week1/unix_exercise/house/floor1/bedroom1/closet (main)
$ ls
board-game  toy  trash8  trash9

wsand@LAPTOP-4C8DF5M2 MINGW64 ~/desktop/revature/exercises/week1/unix_exercise/house/floor1/bedroom1/closet (main)
$ rm trash8

wsand@LAPTOP-4C8DF5M2 MINGW64 ~/desktop/revature/exercises/week1/unix_exercise/house/floor1/bedroom1/closet (main)
$ rm trash9

wsand@LAPTOP-4C8DF5M2 MINGW64 ~/desktop/revature/exercises/week1/unix_exercise/house/floor1/bedroom1/closet (main)
$ cd ..

wsand@LAPTOP-4C8DF5M2 MINGW64 ~/desktop/revature/exercises/week1/unix_exercise/house/floor1/bedroom1 (main)
$ ls
TV  bed  closet/  dresser/  toy-chest/

wsand@LAPTOP-4C8DF5M2 MINGW64 ~/desktop/revature/exercises/week1/unix_exercise/house/floor1/bedroom1 (main)
$ cd dresser

wsand@LAPTOP-4C8DF5M2 MINGW64 ~/desktop/revature/exercises/week1/unix_exercise/house/floor1/bedroom1/dresser (main)
$ ls
pants  shirt  socks

wsand@LAPTOP-4C8DF5M2 MINGW64 ~/desktop/revature/exercises/week1/unix_exercise/house/floor1/bedroom1/dresser (main)
$ cd ..

wsand@LAPTOP-4C8DF5M2 MINGW64 ~/desktop/revature/exercises/week1/unix_exercise/house/floor1/bedroom1 (main)
$ cd toy-chest

wsand@LAPTOP-4C8DF5M2 MINGW64 ~/desktop/revature/exercises/week1/unix_exercise/house/floor1/bedroom1/toy-chest (main)
$ ls
car  cow  dinosaur  space-ship  trasure6  truck

wsand@LAPTOP-4C8DF5M2 MINGW64 ~/desktop/revature/exercises/week1/unix_exercise/house/floor1/bedroom1/toy-chest (main)
$ mv trasure6 ../../../../chest

wsand@LAPTOP-4C8DF5M2 MINGW64 ~/desktop/revature/exercises/week1/unix_exercise/house/floor1/bedroom1/toy-chest (main)
$ cd ..

wsand@LAPTOP-4C8DF5M2 MINGW64 ~/desktop/revature/exercises/week1/unix_exercise/house/floor1/bedroom1 (main)
$ ls
TV  bed  closet/  dresser/  toy-chest/

wsand@LAPTOP-4C8DF5M2 MINGW64 ~/desktop/revature/exercises/week1/unix_exercise/house/floor1/bedroom1 (main)
$ cd ..

wsand@LAPTOP-4C8DF5M2 MINGW64 ~/desktop/revature/exercises/week1/unix_exercise/house/floor1 (main)
$ ls
balcony/  bathroom/  bedroom1/  bedroom2/

wsand@LAPTOP-4C8DF5M2 MINGW64 ~/desktop/revature/exercises/week1/unix_exercise/house/floor1 (main)
$ cd ..

wsand@LAPTOP-4C8DF5M2 MINGW64 ~/desktop/revature/exercises/week1/unix_exercise/house (main)
$ ls
basement/  chest  floor0/  floor1/  floor2/

wsand@LAPTOP-4C8DF5M2 MINGW64 ~/desktop/revature/exercises/week1/unix_exercise/house (main)
$ cd floor2

wsand@LAPTOP-4C8DF5M2 MINGW64 ~/desktop/revature/exercises/week1/unix_exercise/house/floor2 (main)
$ ls
storage/

wsand@LAPTOP-4C8DF5M2 MINGW64 ~/desktop/revature/exercises/week1/unix_exercise/house/floor2 (main)
$ cd storage

wsand@LAPTOP-4C8DF5M2 MINGW64 ~/desktop/revature/exercises/week1/unix_exercise/house/floor2/storage (main)
$ ls
box1/  box2/  box3/

wsand@LAPTOP-4C8DF5M2 MINGW64 ~/desktop/revature/exercises/week1/unix_exercise/house/floor2/storage (main)
$ cd box1

wsand@LAPTOP-4C8DF5M2 MINGW64 ~/desktop/revature/exercises/week1/unix_exercise/house/floor2/storage/box1 (main)
$ ls
trash12  trash13  trash14

wsand@LAPTOP-4C8DF5M2 MINGW64 ~/desktop/revature/exercises/week1/unix_exercise/house/floor2/storage/box1 (main)
$ rm trash12

wsand@LAPTOP-4C8DF5M2 MINGW64 ~/desktop/revature/exercises/week1/unix_exercise/house/floor2/storage/box1 (main)
$ rm trash13

wsand@LAPTOP-4C8DF5M2 MINGW64 ~/desktop/revature/exercises/week1/unix_exercise/house/floor2/storage/box1 (main)
$ rm trash14

wsand@LAPTOP-4C8DF5M2 MINGW64 ~/desktop/revature/exercises/week1/unix_exercise/house/floor2/storage/box1 (main)
$ cd ..

wsand@LAPTOP-4C8DF5M2 MINGW64 ~/desktop/revature/exercises/week1/unix_exercise/house/floor2/storage (main)
$ ls
box1/  box2/  box3/

wsand@LAPTOP-4C8DF5M2 MINGW64 ~/desktop/revature/exercises/week1/unix_exercise/house/floor2/storage (main)
$ cd box2

wsand@LAPTOP-4C8DF5M2 MINGW64 ~/desktop/revature/exercises/week1/unix_exercise/house/floor2/storage/box2 (main)
$ ls
halloween-decoration  holiday-decoration  ice-skates  sweaters  treasure8

wsand@LAPTOP-4C8DF5M2 MINGW64 ~/desktop/revature/exercises/week1/unix_exercise/house/floor2/storage/box2 (main)
$ mv treasure8 ../../../../chest

wsand@LAPTOP-4C8DF5M2 MINGW64 ~/desktop/revature/exercises/week1/unix_exercise/house/floor2/storage/box2 (main)
$ cd ..

wsand@LAPTOP-4C8DF5M2 MINGW64 ~/desktop/revature/exercises/week1/unix_exercise/house/floor2/storage (main)
$ ls
box1/  box2/  box3/

wsand@LAPTOP-4C8DF5M2 MINGW64 ~/desktop/revature/exercises/week1/unix_exercise/house/floor2/storage (main)
$ cd box3

wsand@LAPTOP-4C8DF5M2 MINGW64 ~/desktop/revature/exercises/week1/unix_exercise/house/floor2/storage/box3 (main)
$ ls
posters  trash15  treasure9

wsand@LAPTOP-4C8DF5M2 MINGW64 ~/desktop/revature/exercises/week1/unix_exercise/house/floor2/storage/box3 (main)
$ rm trash15

wsand@LAPTOP-4C8DF5M2 MINGW64 ~/desktop/revature/exercises/week1/unix_exercise/house/floor2/storage/box3 (main)
$ mv treasure9 ../../../../chest

wsand@LAPTOP-4C8DF5M2 MINGW64 ~/desktop/revature/exercises/week1/unix_exercise/house/floor2/storage/box3 (main)
